// Jest Snapshot v1, https://goo.gl/fbAQLP

exports[`Card correctly renders 1`] = `
<article
  className="small-movie-card catalog__movies-card"
  onMouseOver={[Function]}
>
  <div
    className="small-movie-card__image"
  >
    <img
      alt="1"
      height="175"
      width="280"
    />
  </div>
  <h3
    className="small-movie-card__title"
  >
    <a
      href="films/1"
      onClick={[Function]}
    >
      1
    </a>
  </h3>
</article>
`;
