// Jest Snapshot v1, https://goo.gl/fbAQLP

exports[`App correctly renders after relaunch 1`] = `
<div>
  <span>
    Страница не найдена. 
  </span>
  <a
    href="/"
    onClick={[Function]}
  >
    Вернуться на главную
  </a>
</div>
`;
