// Jest Snapshot v1, https://goo.gl/fbAQLP

exports[`App correctly renders 1`] = `
<div
  className="catalog__movies-list"
>
  <article
    className="small-movie-card catalog__movies-card"
    onMouseOver={[Function]}
  >
    <div
      className="small-movie-card__image"
    >
      <img
        alt="1"
        height="175"
        width="280"
      />
    </div>
    <h3
      className="small-movie-card__title"
    >
      <a
        href="/films/1"
        onClick={[Function]}
      >
        1
      </a>
    </h3>
  </article>
  <article
    className="small-movie-card catalog__movies-card"
    onMouseOver={[Function]}
  >
    <div
      className="small-movie-card__image"
    >
      <img
        alt="2"
        height="175"
        width="280"
      />
    </div>
    <h3
      className="small-movie-card__title"
    >
      <a
        href="/films/2"
        onClick={[Function]}
      >
        2
      </a>
    </h3>
  </article>
  <article
    className="small-movie-card catalog__movies-card"
    onMouseOver={[Function]}
  >
    <div
      className="small-movie-card__image"
    >
      <img
        alt="3"
        height="175"
        width="280"
      />
    </div>
    <h3
      className="small-movie-card__title"
    >
      <a
        href="/films/3"
        onClick={[Function]}
      >
        3
      </a>
    </h3>
  </article>
</div>
`;
